stm32f0xx_hal_uart.c:288:19:HAL_UART_Init	16	static
stm32f0xx_hal_uart.c:377:19:HAL_HalfDuplex_Init	16	static
stm32f0xx_hal_uart.c:575:19:HAL_MultiProcessor_Init	24	static
stm32f0xx_hal_uart.c:665:19:HAL_UART_DeInit	16	static
stm32f0xx_hal_uart.c:711:13:HAL_UART_MspInit	16	static
stm32f0xx_hal_uart.c:726:13:HAL_UART_MspDeInit	16	static
stm32f0xx_hal_uart.c:1145:19:HAL_UART_Transmit	48	static
stm32f0xx_hal_uart.c:1246:19:HAL_UART_Receive	48	static
stm32f0xx_hal_uart.c:1348:19:HAL_UART_Transmit_IT	24	static
stm32f0xx_hal_uart.c:1417:19:HAL_UART_Receive_IT	24	static
stm32f0xx_hal_uart.c:1473:19:HAL_UART_Transmit_DMA	24	static
stm32f0xx_hal_uart.c:1565:19:HAL_UART_Receive_DMA	24	static
stm32f0xx_hal_uart.c:1611:19:HAL_UART_DMAPause	24	static
stm32f0xx_hal_uart.c:1645:19:HAL_UART_DMAResume	16	static
stm32f0xx_hal_uart.c:1677:19:HAL_UART_DMAStop	24	static
stm32f0xx_hal_uart.c:1752:19:HAL_UART_Abort	16	static
stm32f0xx_hal_uart.c:1847:19:HAL_UART_AbortTransmit	16	static
stm32f0xx_hal_uart.c:1899:19:HAL_UART_AbortReceive	16	static
stm32f0xx_hal_uart.c:1966:19:HAL_UART_Abort_IT	24	static
stm32f0xx_hal_uart.c:2112:19:HAL_UART_AbortTransmit_IT	16	static
stm32f0xx_hal_uart.c:2196:19:HAL_UART_AbortReceive_IT	16	static
stm32f0xx_hal_uart.c:2288:6:HAL_UART_IRQHandler	40	static
stm32f0xx_hal_uart.c:2581:13:HAL_UART_TxCpltCallback	16	static
stm32f0xx_hal_uart.c:2596:13:HAL_UART_TxHalfCpltCallback	16	static
stm32f0xx_hal_uart.c:2611:13:HAL_UART_RxCpltCallback	16	static
stm32f0xx_hal_uart.c:2626:13:HAL_UART_RxHalfCpltCallback	16	static
stm32f0xx_hal_uart.c:2641:13:HAL_UART_ErrorCallback	16	static
stm32f0xx_hal_uart.c:2656:13:HAL_UART_AbortCpltCallback	16	static
stm32f0xx_hal_uart.c:2671:13:HAL_UART_AbortTransmitCpltCallback	16	static
stm32f0xx_hal_uart.c:2686:13:HAL_UART_AbortReceiveCpltCallback	16	static
stm32f0xx_hal_uart.c:2703:13:HAL_UARTEx_RxEventCallback	16	static
stm32f0xx_hal_uart.c:2751:6:HAL_UART_ReceiverTimeout_Config	16	static
stm32f0xx_hal_uart.c:2763:19:HAL_UART_EnableReceiverTimeout	16	static
stm32f0xx_hal_uart.c:2794:19:HAL_UART_DisableReceiverTimeout	16	static
stm32f0xx_hal_uart.c:2825:19:HAL_MultiProcessor_EnableMuteMode	16	static
stm32f0xx_hal_uart.c:2845:19:HAL_MultiProcessor_DisableMuteMode	16	static
stm32f0xx_hal_uart.c:2865:6:HAL_MultiProcessor_EnterMuteMode	16	static
stm32f0xx_hal_uart.c:2875:19:HAL_HalfDuplex_EnableTransmitter	16	static
stm32f0xx_hal_uart.c:2898:19:HAL_HalfDuplex_EnableReceiver	16	static
stm32f0xx_hal_uart.c:2969:23:HAL_UART_GetState	24	static
stm32f0xx_hal_uart.c:2985:10:HAL_UART_GetError	16	static
stm32f0xx_hal_uart.c:3031:19:UART_SetConfig	40	static
stm32f0xx_hal_uart.c:3169:6:UART_AdvFeatureConfig	16	static
stm32f0xx_hal_uart.c:3243:19:UART_CheckIdleState	32	static
stm32f0xx_hal_uart.c:3294:19:UART_WaitOnFlagUntilTimeout	24	static
stm32f0xx_hal_uart.c:3356:19:UART_Start_Receive_IT	24	static
stm32f0xx_hal_uart.c:3400:19:UART_Start_Receive_DMA	24	static
stm32f0xx_hal_uart.c:3457:13:UART_EndTxTransfer	16	static
stm32f0xx_hal_uart.c:3472:13:UART_EndRxTransfer	16	static
stm32f0xx_hal_uart.c:3498:13:UART_DMATransmitCplt	24	static
stm32f0xx_hal_uart.c:3532:13:UART_DMATxHalfCplt	24	static
stm32f0xx_hal_uart.c:3550:13:UART_DMAReceiveCplt	24	static
stm32f0xx_hal_uart.c:3607:13:UART_DMARxHalfCplt	24	static
stm32f0xx_hal_uart.c:3641:13:UART_DMAError	32	static
stm32f0xx_hal_uart.c:3681:13:UART_DMAAbortOnError	24	static
stm32f0xx_hal_uart.c:3704:13:UART_DMATxAbortCallback	24	static
stm32f0xx_hal_uart.c:3754:13:UART_DMARxAbortCallback	24	static
stm32f0xx_hal_uart.c:3806:13:UART_DMATxOnlyAbortCallback	24	static
stm32f0xx_hal_uart.c:3834:13:UART_DMARxOnlyAbortCallback	24	static
stm32f0xx_hal_uart.c:3867:13:UART_TxISR_8BIT	16	static
stm32f0xx_hal_uart.c:3896:13:UART_TxISR_16BIT	24	static
stm32f0xx_hal_uart.c:3928:13:UART_EndTransmit_IT	16	static
stm32f0xx_hal_uart.c:3953:13:UART_RxISR_8BIT	24	static
stm32f0xx_hal_uart.c:4023:13:UART_RxISR_16BIT	24	static
