oled.c:5:13:OLED_Write_Cmd	32	static
oled.c:19:13:OLED_Write_Dat	32	static
oled.c:34:6:OLED_Set_Pos	16	static
oled.c:43:6:OLED_Display_On	8	static
oled.c:52:6:OLED_Display_Off	8	static
oled.c:61:6:OLED_Clear	16	static
oled.c:78:6:OLED_On	16	static
oled.c:100:6:OLED_ShowChar	32	static
oled.c:138:17:oled_pow	24	static
oled.c:153:6:OLED_ShowNum	32	static
oled.c:180:6:OLED_ShowString	32	static
oled.c:192:6:OLED_Show_Float_Num	48	static
oled.c:238:6:OLED_ShowCHinese	32	static
oled.c:259:6:OLED_Init	8	static
