CCS811_Basic.c:36:6:configureCCS811	32	static
CCS811_Basic.c:99:6:readAlgorithmResults	32	static
CCS811_Basic.c:120:12:checkForError	8	static
CCS811_Basic.c:126:12:checkDataAndUpdate	8	static
CCS811_Basic.c:137:12:dataAvailable	8	static
CCS811_Basic.c:145:12:appValid	8	static
CCS811_Basic.c:151:6:enableInterrupts	24	static
CCS811_Basic.c:158:6:disableInterrupts	24	static
CCS811_Basic.c:173:6:setDriveMode	16	static
CCS811_Basic.c:195:6:setEnvironmentalData	56	static
CCS811_Basic.c:234:6:read_Mul_Register	32	static
CCS811_Basic.c:245:6:softRest	32	static
CCS811_Basic.c:259:14:get_Sensor_Resistance	32	static
CCS811_Basic.c:274:6:ccs811_wakeup	8	static
CCS811_Basic.c:284:6:ccs811_sleep	8	static
CCS811_Basic.c:296:6:restore_Baseline	32	static
CCS811_Basic.c:315:14:getBaseline	40	static
CCS811_Basic.c:340:13:writeRegister	32	static
CCS811_Basic.c:354:22:readRegister	40	static
CCS811_Basic.c:364:14:getCo2	8	static
CCS811_Basic.c:368:14:gettVOC	8	static
